{
  "basic": {
    "empty_items": 0,
    "total_items": 2,
    "f1": {
      "score": 0.6926184355490269
    }
  },
  "multiple_ref": {
    "empty_items": 0,
    "total_items": 2,
    "f1": {
      "score": 0.6904761904761905
    }
  },
  "multiple_pred_multiple_ref": {
    "empty_items": 0,
    "total_items": 2,
    "f1": {
      "score": 0.916083916083916
    }
  }
}