{
    "basic": {
      "empty_items": 0,
      "total_items": 2,
      "accuracy": {
        "score": 0.6571428571428571
      }
    },
    "multiple_ref": {
      "empty_items": 0,
      "total_items": 2,
      "accuracy": {
        "score": 0.6571428571428571
      }
    },
    "multiple_pred_multiple_ref": {
      "empty_items": 0,
      "total_items": 2,
      "accuracy": {
        "score": 0.8452380952380952
      }
    }
  }