{
    "basic": {
      "empty_items": 0,
      "total_items": 2,
      "gunning_fog": {
        "score": 2.2
      }
    },
    "multiple_ref": {
        "empty_items": 0,
        "total_items": 2,
        "gunning_fog": {
            "score": 2.2
        }
    },
    "multiple_pred_multiple_ref": {
        "empty_items": 0,
        "total_items": 2,
        "gunning_fog": {
            "score": 2.4
        }
    }
}