{
  "basic": {
    "empty_items": 0,
    "total_items": 2,
    "nist": {
      "score": 2.3116083455349736
    }
  },
  "multiple_ref": {
    "empty_items": 0,
    "total_items": 2,
    "nist": {
      "score": 2.3116083455349736
    }
  },
  "multiple_pred_multiple_ref": {
    "empty_items": 0,
    "total_items": 2,
    "nist": {
      "score": 0.9012408828265606
    }
  }
}