{
    "basic": {
      "empty_items": 0,
      "total_items": 2,
      "abstractness": {
        "score": 0.2727272727272727
      }
    },
    "multiple_ref": {
      "empty_items": 0,
      "total_items": 2,
      "abstractness": {
        "score": 1.0
      }
    },
    "multiple_pred_multiple_ref": {
      "empty_items": 0,
      "total_items": 2,
      "abstractness": {
        "score": 0.4166666666666667
      }
    }
}