{
  "evaluate": {
    "empty_items": 0,
    "total_items": 2,
    "bleu": {
      "score": 0.0,
      "precisions": [
        0.7272727272727273,
        0.4444444444444444,
        0.2857142857142857,
        0.0
      ],
      "brevity_penalty": 0.9131007162822622,
      "length_ratio": 0.9166666666666666,
      "translation_length": 11,
      "reference_length": 12
    },
    "meteor": {
      "score": 0.6190249433106576
    },
    "rouge": {
      "rouge1": 0.6904761904761905,
      "rouge2": 0.45238095238095244,
      "rougeL": 0.619047619047619,
      "rougeLsum": 0.619047619047619
    },
    "sacrebleu": {
      "score": 0.42728700639623396,
      "counts": [
        7,
        4,
        2,
        1
      ],
      "totals": [
        8,
        7,
        6,
        5
      ],
      "precisions": [
        0.875,
        0.5714285714285715,
        0.33333333333333337,
        0.2
      ],
      "bp": 1.0,
      "sys_len": 8,
      "ref_len": 8
    }
  },
  "evaluate_concurrent": {
    "empty_items": 0,
    "total_items": 2,
    "bleu": {
      "score": 0.0,
      "precisions": [
        0.7272727272727273,
        0.4444444444444444,
        0.2857142857142857,
        0.0
      ],
      "brevity_penalty": 0.9131007162822622,
      "length_ratio": 0.9166666666666666,
      "translation_length": 11,
      "reference_length": 12
    },
    "meteor": {
      "score": 0.6190249433106576
    },
    "rouge": {
      "rouge1": 0.6904761904761905,
      "rouge2": 0.45238095238095244,
      "rougeL": 0.619047619047619,
      "rougeLsum": 0.619047619047619
    },
    "sacrebleu": {
      "score": 0.42728700639623396,
      "counts": [
        7,
        4,
        2,
        1
      ],
      "totals": [
        8,
        7,
        6,
        5
      ],
      "precisions": [
        0.875,
        0.5714285714285715,
        0.33333333333333337,
        0.2
      ],
      "bp": 1.0,
      "sys_len": 8,
      "ref_len": 8
    }
  },
  "evaluate_str_input": {
    "empty_items": 0,
    "total_items": 2,
    "bleu": {
      "score": 0.0,
      "precisions": [
        0.7272727272727273,
        0.4444444444444444,
        0.2857142857142857,
        0.0
      ],
      "brevity_penalty": 0.9131007162822622,
      "length_ratio": 0.9166666666666666,
      "translation_length": 11,
      "reference_length": 12
    }
  },
  "evaluate_list_str_input": {
    "empty_items": 0,
    "total_items": 2,
    "bleu": {
      "score": 0.0,
      "precisions": [
        0.7272727272727273,
        0.4444444444444444,
        0.2857142857142857,
        0.0
      ],
      "brevity_penalty": 0.9131007162822622,
      "length_ratio": 0.9166666666666666,
      "translation_length": 11,
      "reference_length": 12
    },
    "meteor": {
      "score": 0.6190249433106576
    },
    "rouge": {
      "rouge1": 0.6904761904761905,
      "rouge2": 0.45238095238095244,
      "rougeL": 0.619047619047619,
      "rougeLsum": 0.619047619047619
    },
    "sacrebleu": {
      "score": 0.42728700639623396,
      "counts": [
        7,
        4,
        2,
        1
      ],
      "totals": [
        8,
        7,
        6,
        5
      ],
      "precisions": [
        0.875,
        0.5714285714285715,
        0.33333333333333337,
        0.2
      ],
      "bp": 1.0,
      "sys_len": 8,
      "ref_len": 8
    }
  },
  "evaluate_list_dict_input": {
    "empty_items": 0,
    "total_items": 2,
    "bleu-1": {
      "score": 0.6640732482052816,
      "precisions": [
        0.7272727272727273
      ],
      "brevity_penalty": 0.9131007162822622,
      "length_ratio": 0.9166666666666666,
      "translation_length": 11,
      "reference_length": 12
    },
    "bleu-2": {
      "score": 0.5191299381765315,
      "precisions": [
        0.7272727272727273,
        0.4444444444444444
      ],
      "brevity_penalty": 0.9131007162822622,
      "length_ratio": 0.9166666666666666,
      "translation_length": 11,
      "reference_length": 12
    },
    "METEOR": {
      "score": 0.6190249433106576
    },
    "rouge": {
      "rouge1": 0.6904761904761905,
      "rouge2": 0.45238095238095244,
      "rougeL": 0.619047619047619,
      "rougeLsum": 0.619047619047619
    },
    "sacrebleu": {
      "score": 0.42728700639623396,
      "counts": [
        7,
        4,
        2,
        1
      ],
      "totals": [
        8,
        7,
        6,
        5
      ],
      "precisions": [
        0.875,
        0.5714285714285715,
        0.33333333333333337,
        0.2
      ],
      "bp": 1.0,
      "sys_len": 8,
      "ref_len": 8
    }
  },
  "evaluate_list_mixed_input": {
    "empty_items": 0,
    "total_items": 2,
    "bleu": {
      "score": 0.0,
      "precisions": [
        0.7272727272727273,
        0.4444444444444444,
        0.2857142857142857,
        0.0
      ],
      "brevity_penalty": 0.9131007162822622,
      "length_ratio": 0.9166666666666666,
      "translation_length": 11,
      "reference_length": 12
    },
    "meteor": {
      "score": 0.6190249433106576
    },
    "rouge": {
      "rouge1": 0.6904761904761905,
      "rouge2": 0.45238095238095244,
      "rougeL": 0.619047619047619,
      "rougeLsum": 0.619047619047619
    },
    "sacrebleu": {
      "score": 0.42728700639623396,
      "counts": [
        7,
        4,
        2,
        1
      ],
      "totals": [
        8,
        7,
        6,
        5
      ],
      "precisions": [
        0.875,
        0.5714285714285715,
        0.33333333333333337,
        0.2
      ],
      "bp": 1.0,
      "sys_len": 8,
      "ref_len": 8
    }
  },
  "evaluate_datasets_metric": {
    "total_items": 2,
    "empty_items": 0,
    "accuracy": 0.0
  },
  "evaluate_corpus": {
    "total_items": 2,
    "empty_items": 0,
    "bleu": {
      "score": 0.0,
      "precisions": [
        0.9,
        0.75,
        0.5,
        0.0
      ],
      "brevity_penalty": 0.9048374180359595,
      "length_ratio": 0.9090909090909091,
      "translation_length": 10,
      "reference_length": 11
    },
    "meteor": {
      "score": 0.727184593644221
    },
    "rouge": {
      "rouge1": 0.7948717948717947,
      "rouge2": 0.6493506493506493,
      "rougeL": 0.7948717948717947,
      "rougeLsum": 0.7948717948717947
    },
    "sacrebleu": {
      "score": 0.2730120862709067,
      "counts": [
        8,
        4,
        2,
        0
      ],
      "totals": [
        12,
        10,
        8,
        6
      ],
      "precisions": [
        0.6666666666666667,
        0.4,
        0.25,
        0.08333333333333334
      ],
      "bp": 1.0,
      "sys_len": 12,
      "ref_len": 11
    }
  },
  "evaluate_multiple_predictions_empty": {
    "total_items": 2,
    "empty_items": 1,
    "bleu": {
      "score": 0.0,
      "precisions": [
        0.75,
        0.5,
        0.25,
        0.0
      ],
      "brevity_penalty": 1.0,
      "length_ratio": 1.2,
      "translation_length": 6,
      "reference_length": 5
    },
    "meteor": {
      "score": 0.9490196078431373
    },
    "rouge": {
      "rouge1": 0.8181818181818181,
      "rouge2": 0.5555555555555555,
      "rougeL": 0.7272727272727273,
      "rougeLsum": 0.7272727272727273
    },
    "sacrebleu": {
      "score": 0.2537202001116631,
      "counts": [
        5,
        2,
        1,
        0
      ],
      "totals": [
        15,
        13,
        11,
        9
      ],
      "precisions": [
        0.33333333333333337,
        0.15384615384615385,
        0.09090909090909091,
        0.05555555555555555
      ],
      "bp": 1.0,
      "sys_len": 6,
      "ref_len": 11,
      "adjusted_precisions": [
        0.6666666666666667,
        0.3076923076923077,
        0.18181818181818182,
        0.1111111111111111
      ]
    }
  },
  "evaluate_multiple_predictions": {
    "total_items": 2,
    "empty_items": 0,
    "bleu": {
      "score": 0.0,
      "precisions": [
        0.8333333333333334,
        0.5,
        0.25,
        0.0
      ],
      "brevity_penalty": 1.0,
      "length_ratio": 1.0909090909090908,
      "translation_length": 12,
      "reference_length": 11
    },
    "meteor": {
      "score": 0.9012408828265606
    },
    "rouge": {
      "rouge1": 0.8321678321678321,
      "rouge2": 0.505050505050505,
      "rougeL": 0.7482517482517482,
      "rougeLsum": 0.7482517482517482
    },
    "sacrebleu": {
      "score": 0.5773502691896256,
      "counts": [
        10,
        4,
        2,
        0
      ],
      "totals": [
        12,
        10,
        8,
        6
      ],
      "precisions": [
        0.8333333333333333,
        0.4,
        0.25,
        0.08333333333333334
      ],
      "bp": 1.0,
      "sys_len": 12,
      "ref_len": 11,
      "adjusted_precisions": [
        1.6666666666666665,
        0.8,
        0.5,
        0.16666666666666669
      ]
    }
  }
}